// Jest Snapshot v1, https://goo.gl/fbAQLP

exports[`system returns an array of style objects 1`] = `
Array [
  Array [
    Object {
      "color": "tomato",
    },
  ],
]
`;
